Initializing simulator with configuration:
  Code distance: 5
  Rounds: 5
  Physical error: 0.001
  Measurement error: 0.001
  Reset error: 0.001
  Total shots: 1000
  Code type: rotated_memory_x
  MPI ranks: 1
Initializing DISTRIBUTED lattice surgery circuit:
  Mode: Remote CNOTs only, no merge data qubits
  Code distance: 5
  Schedule (pre, merge, post): (1, 5, 1)
Distributed lattice surgery layout:
  Distance: 5
  Total qubits: 103
  Data qubits: 50 (2 × 25 = 50)
  Patch ancillas: 44
  Seam ancillas: 4 (2 per patch)
  Merge ancillas: 5 (single column)
  No merge data qubits (remote CNOTs only)
  Patch A stabilizers: 22
  Patch B stabilizers: 22
  Seam A stabilizers: 2
  Seam B stabilizers: 2
  Merge stabilizers: 5
    Merge Z ancilla 47 at (5, 0) weight=2 [CROSS-BOUNDARY]
    Merge X ancilla 48 at (5, 1) weight=4 [CROSS-BOUNDARY]
    Merge Z ancilla 49 at (5, 2) weight=4 [CROSS-BOUNDARY]
    Merge X ancilla 50 at (5, 3) weight=4 [CROSS-BOUNDARY]
    Merge Z ancilla 51 at (5, 4) weight=4 [CROSS-BOUNDARY]
  Cross-boundary stabilizers: 5
  X gauge ancillas (0):
  Z gauge ancillas (0):
Remote CNOT noise model:
  Requested distillation protocol: none
  Effective distillation protocol: none
  Monolithic baseline: disabled
  Accurate RCX: disabled
  Raw channel error: 0.011979
  Distillation feasible: NO
  Distillation rounds: 1
  Backup batches (m): 1
  Raw EPR fidelity: 0.99
  Distilled EPR fidelity: 0.99
  Distilled error: 0.01
  Distillation success prob: 1
  Probability all backup batches fail: 0
  Effective channel error: 0.011979
  Remote CNOT error: 0.011979
  Concurrent distillation EPR slots required: 0
  Distillation qubits required: 0
  Monolithic equivalent qubits: 107
  Distillation qubit overhead feasible: YES
  Interconnect error add-on: 0
  Final remote CNOT error target: 0.011979
  Extra injected remote-only error: 0.011979
Entanglement-limited idling (Eq. 2):
  Remote CNOTs per cycle: 9
  Raw pairs per distilled: 1
  Distillation time: 1800 ns
  Measurement delay: 660 ns
  Idling time (max): 1.8 μs
  Timing constraint satisfied: NO - cycle extended!
  Idling errors (pX, pY, pZ): (0.0035742, 0.0035742, 0.000905607)
  Total idling error: 0.00805401
Distributed lattice surgery circuit generated:
  Total qubits: 103
  Data qubits: 50
  Detectors: 336
  Observables: 2
MWPM decoder initialized
Bucket mode: 5075 error mechanisms
Total error rate: 5.09599
Max bucket: 20
Sampled buckets: 21
Sampled probability mass: 1.000000
Bias bound: 1.10e-07
Bucket 5: P=1.75e-01, calib_faults=86/500, additional=82
Bucket 4: P=1.72e-01, calib_faults=74/500, additional=176
Bucket 3: P=1.35e-01, calib_faults=75/500, additional=167
Bucket 2: P=7.95e-02, calib_faults=43/500, additional=663
Bucket 1: P=3.12e-02, calib_faults=19/500, additional=2132
Bucket 0: P=6.12e-03, calib_faults=0/500, additional=5000
Total samples taken: 18720
Estimated LER: 0.192808 ± 0.005668 (95% CI)

===============================================
Simulation Complete
===============================================
Logical Error Rate: 0.192000
(192/1000)
Results written to: /Users/eli/dev/bucket_simulator/output/orchestrated_distributed_ls/results_20260425_113806.txt
